[debug] [2026-05-16T18:03:37.995Z] ----------------------------------------------------------------------
[debug] [2026-05-16T18:03:37.996Z] Command:       C:\Program Files\nodejs\node.exe C:\Users\carra\AppData\Local\pnpm\global\v11\1544-19e31b3a65e\node_modules\firebase-tools\lib\bin\firebase.js emulators:start
[debug] [2026-05-16T18:03:37.997Z] CLI Version:   15.18.0
[debug] [2026-05-16T18:03:37.997Z] Platform:      win32
[debug] [2026-05-16T18:03:37.997Z] Node Version:  v24.15.0
[debug] [2026-05-16T18:03:37.997Z] Time:          Sat May 16 2026 20:03:37 GMT+0200 (hora de verano de Europa central)
[debug] [2026-05-16T18:03:37.997Z] ----------------------------------------------------------------------
[debug] 
[debug] [2026-05-16T18:03:39.015Z] > command requires scopes: ["email","openid","https://www.googleapis.com/auth/cloudplatformprojects.readonly","https://www.googleapis.com/auth/firebase","https://www.googleapis.com/auth/cloud-platform"]
[debug] [2026-05-16T18:03:39.015Z] > authorizing via signed-in user (carrascoluque@gmail.com)
[info] i  emulators: Starting emulators: functions, extensions {"metadata":{"emulator":{"name":"hub"},"message":"Starting emulators: functions, extensions"}}
[debug] [2026-05-16T18:03:39.017Z] Checked if tokens are valid: true, expires at: 1778955830591
[debug] [2026-05-16T18:03:39.017Z] Checked if tokens are valid: true, expires at: 1778955830591
[debug] [2026-05-16T18:03:39.018Z] >>> [apiv2][query] GET https://serviceusage.googleapis.com/v1/projects/cara-o-cruz-91aab/services/cloudresourcemanager.googleapis.com [none]
[debug] [2026-05-16T18:03:39.018Z] >>> [apiv2][(partial)header] GET https://serviceusage.googleapis.com/v1/projects/cara-o-cruz-91aab/services/cloudresourcemanager.googleapis.com  x-goog-user-project=cara-o-cruz-91aab
[debug] [2026-05-16T18:03:39.929Z] <<< [apiv2][status] GET https://serviceusage.googleapis.com/v1/projects/cara-o-cruz-91aab/services/cloudresourcemanager.googleapis.com 200
[debug] [2026-05-16T18:03:39.929Z] <<< [apiv2][body] GET https://serviceusage.googleapis.com/v1/projects/cara-o-cruz-91aab/services/cloudresourcemanager.googleapis.com [omitted]
[debug] [2026-05-16T18:03:39.933Z] Checked if tokens are valid: true, expires at: 1778955830591
[debug] [2026-05-16T18:03:39.933Z] Checked if tokens are valid: true, expires at: 1778955830591
[debug] [2026-05-16T18:03:39.933Z] >>> [apiv2][query] GET https://cloudresourcemanager.googleapis.com/v1/projects/cara-o-cruz-91aab [none]
[debug] [2026-05-16T18:03:40.188Z] <<< [apiv2][status] GET https://cloudresourcemanager.googleapis.com/v1/projects/cara-o-cruz-91aab 200
[debug] [2026-05-16T18:03:40.188Z] <<< [apiv2][body] GET https://cloudresourcemanager.googleapis.com/v1/projects/cara-o-cruz-91aab {"projectNumber":"68587874763","projectId":"cara-o-cruz-91aab","lifecycleState":"ACTIVE","name":"cara-o-cruz","labels":{"firebase":"enabled","firebase-core":"disabled"},"createTime":"2026-05-14T16:30:54.080Z"}
[debug] [2026-05-16T18:03:40.194Z] [logging] Logging Emulator only supports listening on one address (127.0.0.1). Not listening on ::1
[debug] [2026-05-16T18:03:40.194Z] assigned listening specs for emulators {"user":{"hub":[{"address":"127.0.0.1","family":"IPv4","port":4400},{"address":"::1","family":"IPv6","port":4400}],"ui":[{"address":"127.0.0.1","family":"IPv4","port":4000},{"address":"::1","family":"IPv6","port":4000}],"logging":[{"address":"127.0.0.1","family":"IPv4","port":4500}]},"metadata":{"message":"assigned listening specs for emulators"}}
[debug] [2026-05-16T18:03:40.197Z] Write emulator hub locator at C:\Users\carra\AppData\Local\Temp\hub-cara-o-cruz-91aab.json
[debug] [2026-05-16T18:03:40.200Z] [Extensions] Started Extensions emulator, this is a noop.
[debug] [2026-05-16T18:03:40.204Z] [functions] Functions Emulator only supports listening on one address (127.0.0.1). Not listening on ::1
[debug] [2026-05-16T18:03:40.204Z] [eventarc] Eventarc Emulator only supports listening on one address (127.0.0.1). Not listening on ::1
[debug] [2026-05-16T18:03:40.204Z] [tasks] Cloud Tasks Emulator only supports listening on one address (127.0.0.1). Not listening on ::1
[debug] [2026-05-16T18:03:40.204Z] late-assigned ports for functions and eventarc emulators {"user":{"hub":[{"address":"127.0.0.1","family":"IPv4","port":4400},{"address":"::1","family":"IPv6","port":4400}],"ui":[{"address":"127.0.0.1","family":"IPv4","port":4000},{"address":"::1","family":"IPv6","port":4000}],"logging":[{"address":"127.0.0.1","family":"IPv4","port":4500}],"functions":[{"address":"127.0.0.1","family":"IPv4","port":5001}],"eventarc":[{"address":"127.0.0.1","family":"IPv4","port":9299}],"tasks":[{"address":"127.0.0.1","family":"IPv4","port":9499}]},"metadata":{"message":"late-assigned ports for functions and eventarc emulators"}}
[warn] !  functions: The following emulators are not running, calls to these services from the Functions emulator will affect production: apphosting, auth, firestore, database, hosting, pubsub, storage, dataconnect {"metadata":{"emulator":{"name":"functions"},"message":"The following emulators are not running, calls to these services from the Functions emulator will affect production: \u001b[1mapphosting, auth, firestore, database, hosting, pubsub, storage, dataconnect\u001b[22m"}}
[debug] [2026-05-16T18:03:40.213Z] defaultcredentials: writing to file C:\Users\carra\AppData\Roaming\firebase\carrascoluque_gmail_com_application_default_credentials.json
[debug] [2026-05-16T18:03:40.213Z] Setting GAC to C:\Users\carra\AppData\Roaming\firebase\carrascoluque_gmail_com_application_default_credentials.json {"metadata":{"emulator":{"name":"functions"},"message":"Setting GAC to C:\\Users\\carra\\AppData\\Roaming\\firebase\\carrascoluque_gmail_com_application_default_credentials.json"}}
[debug] [2026-05-16T18:03:40.214Z] Checked if tokens are valid: true, expires at: 1778955830591
[debug] [2026-05-16T18:03:40.214Z] Checked if tokens are valid: true, expires at: 1778955830591
[debug] [2026-05-16T18:03:40.214Z] >>> [apiv2][query] GET https://firebase.googleapis.com/v1beta1/projects/cara-o-cruz-91aab/adminSdkConfig [none]
[debug] [2026-05-16T18:03:40.517Z] <<< [apiv2][status] GET https://firebase.googleapis.com/v1beta1/projects/cara-o-cruz-91aab/adminSdkConfig 200
[debug] [2026-05-16T18:03:40.517Z] <<< [apiv2][body] GET https://firebase.googleapis.com/v1beta1/projects/cara-o-cruz-91aab/adminSdkConfig {"projectId":"cara-o-cruz-91aab","storageBucket":"cara-o-cruz-91aab.firebasestorage.app"}
[info] i  ui: downloading ui-v1.15.0.zip... {"metadata":{"emulator":{"name":"ui"},"message":"downloading ui-v1.15.0.zip..."}}
[debug] [2026-05-16T18:03:40.528Z] >>> [apiv2][query] GET https://storage.googleapis.com/firebase-preview-drop/emulator/ui-v1.15.0.zip 
[debug] [2026-05-16T18:03:40.756Z] <<< [apiv2][status] GET https://storage.googleapis.com/firebase-preview-drop/emulator/ui-v1.15.0.zip 200
[debug] [2026-05-16T18:03:40.757Z] <<< [apiv2][body] GET https://storage.googleapis.com/firebase-preview-drop/emulator/ui-v1.15.0.zip [stream]
[debug] [2026-05-16T18:03:41.015Z] Data is 3538469
[debug] [2026-05-16T18:03:41.016Z] [unzip] Entry: client/ (compressed_size=0 bytes, uncompressed_size=0 bytes)
[debug] [2026-05-16T18:03:41.016Z] [unzip] Processing entry: client\
[debug] [2026-05-16T18:03:41.016Z] [unzip] mkdir: C:\Users\carra\.cache\firebase\emulators\ui-v1.15.0\client\
[debug] [2026-05-16T18:03:41.016Z] [unzip] Entry: client/favicon-16x16.png (compressed_size=293 bytes, uncompressed_size=293 bytes)
[debug] [2026-05-16T18:03:41.016Z] [unzip] Processing entry: client\favicon-16x16.png
[debug] [2026-05-16T18:03:41.016Z] [unzip] else mkdir: C:\Users\carra\.cache\firebase\emulators\ui-v1.15.0\client
[debug] [2026-05-16T18:03:41.016Z] [unzip] Writing file: C:\Users\carra\.cache\firebase\emulators\ui-v1.15.0\client\favicon-16x16.png
[debug] [2026-05-16T18:03:41.017Z] [unzip] Entry: client/safari-pinned-tab.svg (compressed_size=1433 bytes, uncompressed_size=2611 bytes)
[debug] [2026-05-16T18:03:41.017Z] [unzip] Processing entry: client\safari-pinned-tab.svg
[debug] [2026-05-16T18:03:41.017Z] [unzip] else mkdir: C:\Users\carra\.cache\firebase\emulators\ui-v1.15.0\client
[debug] [2026-05-16T18:03:41.017Z] [unzip] deflating: C:\Users\carra\.cache\firebase\emulators\ui-v1.15.0\client\safari-pinned-tab.svg
[debug] [2026-05-16T18:03:41.019Z] [unzip] Entry: client/favicon.ico (compressed_size=2933 bytes, uncompressed_size=13294 bytes)
[debug] [2026-05-16T18:03:41.019Z] [unzip] Processing entry: client\favicon.ico
[debug] [2026-05-16T18:03:41.019Z] [unzip] else mkdir: C:\Users\carra\.cache\firebase\emulators\ui-v1.15.0\client
[debug] [2026-05-16T18:03:41.019Z] [unzip] deflating: C:\Users\carra\.cache\firebase\emulators\ui-v1.15.0\client\favicon.ico
[debug] [2026-05-16T18:03:41.020Z] [unzip] Entry: client/index.html (compressed_size=1364 bytes, uncompressed_size=3071 bytes)
[debug] [2026-05-16T18:03:41.020Z] [unzip] Processing entry: client\index.html
[debug] [2026-05-16T18:03:41.020Z] [unzip] else mkdir: C:\Users\carra\.cache\firebase\emulators\ui-v1.15.0\client
[debug] [2026-05-16T18:03:41.020Z] [unzip] deflating: C:\Users\carra\.cache\firebase\emulators\ui-v1.15.0\client\index.html
[debug] [2026-05-16T18:03:41.021Z] [unzip] Entry: client/android-chrome-192x192.png (compressed_size=2684 bytes, uncompressed_size=2684 bytes)
[debug] [2026-05-16T18:03:41.021Z] [unzip] Processing entry: client\android-chrome-192x192.png
[debug] [2026-05-16T18:03:41.021Z] [unzip] else mkdir: C:\Users\carra\.cache\firebase\emulators\ui-v1.15.0\client
[debug] [2026-05-16T18:03:41.022Z] [unzip] Writing file: C:\Users\carra\.cache\firebase\emulators\ui-v1.15.0\client\android-chrome-192x192.png
[debug] [2026-05-16T18:03:41.022Z] [unzip] Entry: client/apple-touch-icon.png (compressed_size=2123 bytes, uncompressed_size=2152 bytes)
[debug] [2026-05-16T18:03:41.022Z] [unzip] Processing entry: client\apple-touch-icon.png
[debug] [2026-05-16T18:03:41.022Z] [unzip] else mkdir: C:\Users\carra\.cache\firebase\emulators\ui-v1.15.0\client
[debug] [2026-05-16T18:03:41.022Z] [unzip] deflating: C:\Users\carra\.cache\firebase\emulators\ui-v1.15.0\client\apple-touch-icon.png
[debug] [2026-05-16T18:03:41.023Z] [unzip] Entry: client/android-chrome-512x512.png (compressed_size=5369 bytes, uncompressed_size=5411 bytes)
[debug] [2026-05-16T18:03:41.023Z] [unzip] Processing entry: client\android-chrome-512x512.png
[debug] [2026-05-16T18:03:41.023Z] [unzip] else mkdir: C:\Users\carra\.cache\firebase\emulators\ui-v1.15.0\client
[debug] [2026-05-16T18:03:41.023Z] [unzip] deflating: C:\Users\carra\.cache\firebase\emulators\ui-v1.15.0\client\android-chrome-512x512.png
[debug] [2026-05-16T18:03:41.024Z] [unzip] Entry: client/manifest.json (compressed_size=245 bytes, uncompressed_size=551 bytes)
[debug] [2026-05-16T18:03:41.024Z] [unzip] Processing entry: client\manifest.json
[debug] [2026-05-16T18:03:41.024Z] [unzip] else mkdir: C:\Users\carra\.cache\firebase\emulators\ui-v1.15.0\client
[debug] [2026-05-16T18:03:41.024Z] [unzip] deflating: C:\Users\carra\.cache\firebase\emulators\ui-v1.15.0\client\manifest.json
[debug] [2026-05-16T18:03:41.025Z] [unzip] Entry: client/robots.txt (compressed_size=26 bytes, uncompressed_size=26 bytes)
[debug] [2026-05-16T18:03:41.025Z] [unzip] Processing entry: client\robots.txt
[debug] [2026-05-16T18:03:41.025Z] [unzip] else mkdir: C:\Users\carra\.cache\firebase\emulators\ui-v1.15.0\client
[debug] [2026-05-16T18:03:41.025Z] [unzip] Writing file: C:\Users\carra\.cache\firebase\emulators\ui-v1.15.0\client\robots.txt
[debug] [2026-05-16T18:03:41.025Z] [unzip] Entry: client/mstile-150x150.png (compressed_size=2034 bytes, uncompressed_size=2034 bytes)
[debug] [2026-05-16T18:03:41.025Z] [unzip] Processing entry: client\mstile-150x150.png
[debug] [2026-05-16T18:03:41.025Z] [unzip] else mkdir: C:\Users\carra\.cache\firebase\emulators\ui-v1.15.0\client
[debug] [2026-05-16T18:03:41.026Z] [unzip] Writing file: C:\Users\carra\.cache\firebase\emulators\ui-v1.15.0\client\mstile-150x150.png
[debug] [2026-05-16T18:03:41.026Z] [unzip] Entry: client/assets/ (compressed_size=0 bytes, uncompressed_size=0 bytes)
[debug] [2026-05-16T18:03:41.026Z] [unzip] Processing entry: client\assets\
[debug] [2026-05-16T18:03:41.026Z] [unzip] mkdir: C:\Users\carra\.cache\firebase\emulators\ui-v1.15.0\client\assets\
[debug] [2026-05-16T18:03:41.026Z] [unzip] Entry: client/assets/index-BX-A56oj.js (compressed_size=582089 bytes, uncompressed_size=2092775 bytes)
[debug] [2026-05-16T18:03:41.026Z] [unzip] Processing entry: client\assets\index-BX-A56oj.js
[debug] [2026-05-16T18:03:41.026Z] [unzip] else mkdir: C:\Users\carra\.cache\firebase\emulators\ui-v1.15.0\client\assets
[debug] [2026-05-16T18:03:41.027Z] [unzip] deflating: C:\Users\carra\.cache\firebase\emulators\ui-v1.15.0\client\assets\index-BX-A56oj.js
[debug] [2026-05-16T18:03:41.034Z] [unzip] Entry: client/assets/index-CjB9C900.css (compressed_size=35979 bytes, uncompressed_size=298654 bytes)
[debug] [2026-05-16T18:03:41.034Z] [unzip] Processing entry: client\assets\index-CjB9C900.css
[debug] [2026-05-16T18:03:41.034Z] [unzip] else mkdir: C:\Users\carra\.cache\firebase\emulators\ui-v1.15.0\client\assets
[debug] [2026-05-16T18:03:41.034Z] [unzip] deflating: C:\Users\carra\.cache\firebase\emulators\ui-v1.15.0\client\assets\index-CjB9C900.css
[debug] [2026-05-16T18:03:41.036Z] [unzip] Entry: client/assets/index-BX-A56oj.js.map (compressed_size=2362482 bytes, uncompressed_size=10036679 bytes)
[debug] [2026-05-16T18:03:41.036Z] [unzip] Processing entry: client\assets\index-BX-A56oj.js.map
[debug] [2026-05-16T18:03:41.036Z] [unzip] else mkdir: C:\Users\carra\.cache\firebase\emulators\ui-v1.15.0\client\assets
[debug] [2026-05-16T18:03:41.036Z] [unzip] deflating: C:\Users\carra\.cache\firebase\emulators\ui-v1.15.0\client\assets\index-BX-A56oj.js.map
[debug] [2026-05-16T18:03:41.064Z] [unzip] Entry: client/assets/extensions/ (compressed_size=0 bytes, uncompressed_size=0 bytes)
[debug] [2026-05-16T18:03:41.064Z] [unzip] Processing entry: client\assets\extensions\
[debug] [2026-05-16T18:03:41.064Z] [unzip] mkdir: C:\Users\carra\.cache\firebase\emulators\ui-v1.15.0\client\assets\extensions\
[debug] [2026-05-16T18:03:41.064Z] [unzip] Entry: client/assets/extensions/default-extension.png (compressed_size=1646 bytes, uncompressed_size=1657 bytes)
[debug] [2026-05-16T18:03:41.064Z] [unzip] Processing entry: client\assets\extensions\default-extension.png
[debug] [2026-05-16T18:03:41.064Z] [unzip] else mkdir: C:\Users\carra\.cache\firebase\emulators\ui-v1.15.0\client\assets\extensions
[debug] [2026-05-16T18:03:41.064Z] [unzip] deflating: C:\Users\carra\.cache\firebase\emulators\ui-v1.15.0\client\assets\extensions\default-extension.png
[debug] [2026-05-16T18:03:41.065Z] [unzip] Entry: client/assets/img/ (compressed_size=0 bytes, uncompressed_size=0 bytes)
[debug] [2026-05-16T18:03:41.065Z] [unzip] Processing entry: client\assets\img\
[debug] [2026-05-16T18:03:41.065Z] [unzip] mkdir: C:\Users\carra\.cache\firebase\emulators\ui-v1.15.0\client\assets\img\
[debug] [2026-05-16T18:03:41.065Z] [unzip] Entry: client/assets/img/database.png (compressed_size=29449 bytes, uncompressed_size=29988 bytes)
[debug] [2026-05-16T18:03:41.065Z] [unzip] Processing entry: client\assets\img\database.png
[debug] [2026-05-16T18:03:41.066Z] [unzip] else mkdir: C:\Users\carra\.cache\firebase\emulators\ui-v1.15.0\client\assets\img
[debug] [2026-05-16T18:03:41.066Z] [unzip] deflating: C:\Users\carra\.cache\firebase\emulators\ui-v1.15.0\client\assets\img\database.png
[debug] [2026-05-16T18:03:41.066Z] [unzip] Entry: client/assets/provider-icons/ (compressed_size=0 bytes, uncompressed_size=0 bytes)
[debug] [2026-05-16T18:03:41.066Z] [unzip] Processing entry: client\assets\provider-icons\
[debug] [2026-05-16T18:03:41.066Z] [unzip] mkdir: C:\Users\carra\.cache\firebase\emulators\ui-v1.15.0\client\assets\provider-icons\
[debug] [2026-05-16T18:03:41.067Z] [unzip] Entry: client/assets/provider-icons/auth_service_saml.svg (compressed_size=575 bytes, uncompressed_size=1226 bytes)
[debug] [2026-05-16T18:03:41.067Z] [unzip] Processing entry: client\assets\provider-icons\auth_service_saml.svg
[debug] [2026-05-16T18:03:41.067Z] [unzip] else mkdir: C:\Users\carra\.cache\firebase\emulators\ui-v1.15.0\client\assets\provider-icons
[debug] [2026-05-16T18:03:41.067Z] [unzip] deflating: C:\Users\carra\.cache\firebase\emulators\ui-v1.15.0\client\assets\provider-icons\auth_service_saml.svg
[debug] [2026-05-16T18:03:41.068Z] [unzip] Entry: client/assets/provider-icons/auth_service_phone.svg (compressed_size=261 bytes, uncompressed_size=414 bytes)
[debug] [2026-05-16T18:03:41.068Z] [unzip] Processing entry: client\assets\provider-icons\auth_service_phone.svg
[debug] [2026-05-16T18:03:41.068Z] [unzip] else mkdir: C:\Users\carra\.cache\firebase\emulators\ui-v1.15.0\client\assets\provider-icons
[debug] [2026-05-16T18:03:41.068Z] [unzip] deflating: C:\Users\carra\.cache\firebase\emulators\ui-v1.15.0\client\assets\provider-icons\auth_service_phone.svg
[debug] [2026-05-16T18:03:41.068Z] [unzip] Entry: client/assets/provider-icons/auth_service_facebook.svg (compressed_size=289 bytes, uncompressed_size=457 bytes)
[debug] [2026-05-16T18:03:41.068Z] [unzip] Processing entry: client\assets\provider-icons\auth_service_facebook.svg
[debug] [2026-05-16T18:03:41.068Z] [unzip] else mkdir: C:\Users\carra\.cache\firebase\emulators\ui-v1.15.0\client\assets\provider-icons
[debug] [2026-05-16T18:03:41.069Z] [unzip] deflating: C:\Users\carra\.cache\firebase\emulators\ui-v1.15.0\client\assets\provider-icons\auth_service_facebook.svg
[debug] [2026-05-16T18:03:41.069Z] [unzip] Entry: client/assets/provider-icons/auth_service_game_center.svg (compressed_size=991 bytes, uncompressed_size=3921 bytes)
[debug] [2026-05-16T18:03:41.069Z] [unzip] Processing entry: client\assets\provider-icons\auth_service_game_center.svg
[debug] [2026-05-16T18:03:41.069Z] [unzip] else mkdir: C:\Users\carra\.cache\firebase\emulators\ui-v1.15.0\client\assets\provider-icons
[debug] [2026-05-16T18:03:41.070Z] [unzip] deflating: C:\Users\carra\.cache\firebase\emulators\ui-v1.15.0\client\assets\provider-icons\auth_service_game_center.svg
[debug] [2026-05-16T18:03:41.070Z] [unzip] Entry: client/assets/provider-icons/auth_service_apple.svg (compressed_size=230 bytes, uncompressed_size=334 bytes)
[debug] [2026-05-16T18:03:41.070Z] [unzip] Processing entry: client\assets\provider-icons\auth_service_apple.svg
[debug] [2026-05-16T18:03:41.070Z] [unzip] else mkdir: C:\Users\carra\.cache\firebase\emulators\ui-v1.15.0\client\assets\provider-icons
[debug] [2026-05-16T18:03:41.070Z] [unzip] deflating: C:\Users\carra\.cache\firebase\emulators\ui-v1.15.0\client\assets\provider-icons\auth_service_apple.svg
[debug] [2026-05-16T18:03:41.071Z] [unzip] Entry: client/assets/provider-icons/auth_service_github.svg (compressed_size=466 bytes, uncompressed_size=838 bytes)
[debug] [2026-05-16T18:03:41.071Z] [unzip] Processing entry: client\assets\provider-icons\auth_service_github.svg
[debug] [2026-05-16T18:03:41.071Z] [unzip] else mkdir: C:\Users\carra\.cache\firebase\emulators\ui-v1.15.0\client\assets\provider-icons
[debug] [2026-05-16T18:03:41.071Z] [unzip] deflating: C:\Users\carra\.cache\firebase\emulators\ui-v1.15.0\client\assets\provider-icons\auth_service_github.svg
[debug] [2026-05-16T18:03:41.072Z] [unzip] Entry: client/assets/provider-icons/auth_service_mslive.svg (compressed_size=203 bytes, uncompressed_size=378 bytes)
[debug] [2026-05-16T18:03:41.072Z] [unzip] Processing entry: client\assets\provider-icons\auth_service_mslive.svg
[debug] [2026-05-16T18:03:41.072Z] [unzip] else mkdir: C:\Users\carra\.cache\firebase\emulators\ui-v1.15.0\client\assets\provider-icons
[debug] [2026-05-16T18:03:41.072Z] [unzip] deflating: C:\Users\carra\.cache\firebase\emulators\ui-v1.15.0\client\assets\provider-icons\auth_service_mslive.svg
[debug] [2026-05-16T18:03:41.073Z] [unzip] Entry: client/assets/provider-icons/auth_service_yahoo.svg (compressed_size=577 bytes, uncompressed_size=1182 bytes)
[debug] [2026-05-16T18:03:41.073Z] [unzip] Processing entry: client\assets\provider-icons\auth_service_yahoo.svg
[debug] [2026-05-16T18:03:41.073Z] [unzip] else mkdir: C:\Users\carra\.cache\firebase\emulators\ui-v1.15.0\client\assets\provider-icons
[debug] [2026-05-16T18:03:41.073Z] [unzip] deflating: C:\Users\carra\.cache\firebase\emulators\ui-v1.15.0\client\assets\provider-icons\auth_service_yahoo.svg
[debug] [2026-05-16T18:03:41.073Z] [unzip] Entry: client/assets/provider-icons/auth_service_twitter.svg (compressed_size=444 bytes, uncompressed_size=751 bytes)
[debug] [2026-05-16T18:03:41.074Z] [unzip] Processing entry: client\assets\provider-icons\auth_service_twitter.svg
[debug] [2026-05-16T18:03:41.074Z] [unzip] else mkdir: C:\Users\carra\.cache\firebase\emulators\ui-v1.15.0\client\assets\provider-icons
[debug] [2026-05-16T18:03:41.074Z] [unzip] deflating: C:\Users\carra\.cache\firebase\emulators\ui-v1.15.0\client\assets\provider-icons\auth_service_twitter.svg
[debug] [2026-05-16T18:03:41.074Z] [unzip] Entry: client/assets/provider-icons/auth_service_play_games.svg (compressed_size=565 bytes, uncompressed_size=1173 bytes)
[debug] [2026-05-16T18:03:41.074Z] [unzip] Processing entry: client\assets\provider-icons\auth_service_play_games.svg
[debug] [2026-05-16T18:03:41.074Z] [unzip] else mkdir: C:\Users\carra\.cache\firebase\emulators\ui-v1.15.0\client\assets\provider-icons
[debug] [2026-05-16T18:03:41.075Z] [unzip] deflating: C:\Users\carra\.cache\firebase\emulators\ui-v1.15.0\client\assets\provider-icons\auth_service_play_games.svg
[debug] [2026-05-16T18:03:41.075Z] [unzip] Entry: client/assets/provider-icons/auth_service_email.svg (compressed_size=228 bytes, uncompressed_size=326 bytes)
[debug] [2026-05-16T18:03:41.075Z] [unzip] Processing entry: client\assets\provider-icons\auth_service_email.svg
[debug] [2026-05-16T18:03:41.075Z] [unzip] else mkdir: C:\Users\carra\.cache\firebase\emulators\ui-v1.15.0\client\assets\provider-icons
[debug] [2026-05-16T18:03:41.075Z] [unzip] deflating: C:\Users\carra\.cache\firebase\emulators\ui-v1.15.0\client\assets\provider-icons\auth_service_email.svg
[debug] [2026-05-16T18:03:41.076Z] [unzip] Entry: client/assets/provider-icons/auth_service_google.svg (compressed_size=409 bytes, uncompressed_size=720 bytes)
[debug] [2026-05-16T18:03:41.076Z] [unzip] Processing entry: client\assets\provider-icons\auth_service_google.svg
[debug] [2026-05-16T18:03:41.076Z] [unzip] else mkdir: C:\Users\carra\.cache\firebase\emulators\ui-v1.15.0\client\assets\provider-icons
[debug] [2026-05-16T18:03:41.076Z] [unzip] deflating: C:\Users\carra\.cache\firebase\emulators\ui-v1.15.0\client\assets\provider-icons\auth_service_google.svg
[debug] [2026-05-16T18:03:41.077Z] [unzip] Entry: client/assets/provider-icons/auth_service_oidc.svg (compressed_size=414 bytes, uncompressed_size=858 bytes)
[debug] [2026-05-16T18:03:41.077Z] [unzip] Processing entry: client\assets\provider-icons\auth_service_oidc.svg
[debug] [2026-05-16T18:03:41.077Z] [unzip] else mkdir: C:\Users\carra\.cache\firebase\emulators\ui-v1.15.0\client\assets\provider-icons
[debug] [2026-05-16T18:03:41.077Z] [unzip] deflating: C:\Users\carra\.cache\firebase\emulators\ui-v1.15.0\client\assets\provider-icons\auth_service_oidc.svg
[debug] [2026-05-16T18:03:41.078Z] [unzip] Entry: client/browserconfig.xml (compressed_size=491 bytes, uncompressed_size=822 bytes)
[debug] [2026-05-16T18:03:41.078Z] [unzip] Processing entry: client\browserconfig.xml
[debug] [2026-05-16T18:03:41.078Z] [unzip] else mkdir: C:\Users\carra\.cache\firebase\emulators\ui-v1.15.0\client
[debug] [2026-05-16T18:03:41.078Z] [unzip] deflating: C:\Users\carra\.cache\firebase\emulators\ui-v1.15.0\client\browserconfig.xml
[debug] [2026-05-16T18:03:41.078Z] [unzip] Entry: client/favicon-32x32.png (compressed_size=475 bytes, uncompressed_size=475 bytes)
[debug] [2026-05-16T18:03:41.078Z] [unzip] Processing entry: client\favicon-32x32.png
[debug] [2026-05-16T18:03:41.078Z] [unzip] else mkdir: C:\Users\carra\.cache\firebase\emulators\ui-v1.15.0\client
[debug] [2026-05-16T18:03:41.079Z] [unzip] Writing file: C:\Users\carra\.cache\firebase\emulators\ui-v1.15.0\client\favicon-32x32.png
[debug] [2026-05-16T18:03:41.079Z] [unzip] Entry: server/ (compressed_size=0 bytes, uncompressed_size=0 bytes)
[debug] [2026-05-16T18:03:41.079Z] [unzip] Processing entry: server\
[debug] [2026-05-16T18:03:41.079Z] [unzip] mkdir: C:\Users\carra\.cache\firebase\emulators\ui-v1.15.0\server\
[debug] [2026-05-16T18:03:41.079Z] [unzip] Entry: server/server.mjs.map (compressed_size=217845 bytes, uncompressed_size=944978 bytes)
[debug] [2026-05-16T18:03:41.079Z] [unzip] Processing entry: server\server.mjs.map
[debug] [2026-05-16T18:03:41.079Z] [unzip] else mkdir: C:\Users\carra\.cache\firebase\emulators\ui-v1.15.0\server
[debug] [2026-05-16T18:03:41.080Z] [unzip] deflating: C:\Users\carra\.cache\firebase\emulators\ui-v1.15.0\server\server.mjs.map
[debug] [2026-05-16T18:03:41.083Z] [unzip] Entry: server/server.mjs (compressed_size=276407 bytes, uncompressed_size=933701 bytes)
[debug] [2026-05-16T18:03:41.083Z] [unzip] Processing entry: server\server.mjs
[debug] [2026-05-16T18:03:41.083Z] [unzip] else mkdir: C:\Users\carra\.cache\firebase\emulators\ui-v1.15.0\server
[debug] [2026-05-16T18:03:41.083Z] [unzip] deflating: C:\Users\carra\.cache\firebase\emulators\ui-v1.15.0\server\server.mjs
[debug] [2026-05-16T18:03:41.088Z] [Extensions] Connecting Extensions emulator, this is a noop.
[info] i  functions: Watching "C:\Users\carra\AndroidStudioProjects\CaraOCruz\functions" for Cloud Functions... {"metadata":{"emulator":{"name":"functions"},"message":"Watching \"C:\\Users\\carra\\AndroidStudioProjects\\CaraOCruz\\functions\" for Cloud Functions..."}}
[debug] [2026-05-16T18:03:41.090Z] Validating nodejs source
[debug] [2026-05-16T18:03:41.682Z] > [functions] package.json contents: {
  "name": "functions",
  "description": "Cloud Functions for Firebase",
  "scripts": {
    "serve": "firebase emulators:start --only functions",
    "shell": "firebase functions:shell",
    "start": "npm run shell",
    "deploy": "firebase deploy --only functions",
    "logs": "firebase functions:log"
  },
  "engines": {
    "node": "24"
  },
  "main": "index.js",
  "dependencies": {
    "firebase-admin": "^13.6.0",
    "firebase-functions": "^7.0.0"
  },
  "devDependencies": {
    "firebase-functions-test": "^3.4.1"
  },
  "private": true
}
[debug] [2026-05-16T18:03:41.682Z] Building nodejs source
[debug] [2026-05-16T18:03:41.682Z] Failed to find version of module node: reached end of search path C:\Users\carra\AndroidStudioProjects\CaraOCruz\functions\node_modules
[info] +  functions: Using node@24 from host. 
[debug] [2026-05-16T18:03:41.684Z] Could not find functions.yaml. Must use http discovery
[debug] [2026-05-16T18:03:41.691Z] Found firebase-functions binary at 'C:\Users\carra\AndroidStudioProjects\CaraOCruz\functions\node_modules\.bin\firebase-functions'
[info] Serving at port 8639

[debug] [2026-05-16T18:03:42.182Z] Got response from /__/functions.yaml {"endpoints":{"procesarApuesta":{"availableMemoryMb":null,"timeoutSeconds":null,"minInstances":null,"maxInstances":null,"ingressSettings":null,"concurrency":null,"serviceAccountEmail":null,"vpc":null,"platform":"gcfv2","labels":{},"httpsTrigger":{},"entryPoint":"procesarApuesta"}},"specVersion":"v1alpha1","requiredAPIs":[],"extensions":{}}
[debug] [2026-05-16T18:03:46.212Z] defaultcredentials: writing to file C:\Users\carra\AppData\Roaming\firebase\carrascoluque_gmail_com_application_default_credentials.json
[debug] [2026-05-16T18:03:46.213Z] Setting GAC to C:\Users\carra\AppData\Roaming\firebase\carrascoluque_gmail_com_application_default_credentials.json {"metadata":{"emulator":{"name":"functions"},"message":"Setting GAC to C:\\Users\\carra\\AppData\\Roaming\\firebase\\carrascoluque_gmail_com_application_default_credentials.json"}}
[info] +  functions: Loaded functions definitions from source: procesarApuesta. {"metadata":{"emulator":{"name":"functions"},"message":"Loaded functions definitions from source: procesarApuesta."}}
[info] +  functions[us-central1-procesarApuesta]: http function initialized (http://127.0.0.1:5001/cara-o-cruz-91aab/us-central1/procesarApuesta). {"metadata":{"emulator":{"name":"functions"},"message":"\u001b[1mhttp\u001b[22m function initialized (http://127.0.0.1:5001/cara-o-cruz-91aab/us-central1/procesarApuesta)."}}
[debug] [2026-05-16T18:03:46.220Z] Could not find VSCode notification endpoint: FetchError: request to http://localhost:40001/vscode/notify failed, reason: . If you are not running the Firebase SQL Connect VSCode extension, this is expected and not an issue.
[info] 
┌─────────────────────────────────────────────────────────────┐
│ ✔  All emulators ready! It is now safe to connect your app. │
│ i  View Emulator UI at http://127.0.0.1:4000/               │
└─────────────────────────────────────────────────────────────┘

┌────────────┬────────────────┬──────────────────────────────────┐
│ Emulator   │ Host:Port      │ View in Emulator UI              │
├────────────┼────────────────┼──────────────────────────────────┤
│ Functions  │ 127.0.0.1:5001 │ http://127.0.0.1:4000/functions  │
├────────────┼────────────────┼──────────────────────────────────┤
│ Extensions │ 127.0.0.1:5001 │ http://127.0.0.1:4000/extensions │
└────────────┴────────────────┴──────────────────────────────────┘
  Emulator Hub host: 127.0.0.1 port: 4400
  Other reserved ports: 4500
┌─────────────────────────┬───────────────┬─────────────────────┐
│ Extension Instance Name │ Extension Ref │ View in Emulator UI │
└─────────────────────────┴───────────────┴─────────────────────┘
Issues? Report them at https://github.com/firebase/firebase-tools/issues and attach the *-debug.log files.
 
